// Jest Snapshot v1, https://goo.gl/fbAQLP

exports[`Parsing GET queries getParams query 1`] = `
Object {
  "one": "1",
  "two": "2",
}
`;
